Archive member included to satisfy reference by file (symbol)

.\CortexM0\ARM_GCC_541\Debug\Design01.a(SPIM.o)
                              .\CortexM0\ARM_GCC_541\Debug\TFT.o (SPIM_WriteTxData)
.\CortexM0\ARM_GCC_541\Debug\Design01.a(SPIM_INT.o)
                              .\CortexM0\ARM_GCC_541\Debug\Design01.a(SPIM.o) (SPIM_TX_ISR)
.\CortexM0\ARM_GCC_541\Debug\Design01.a(D_C.o)
                              .\CortexM0\ARM_GCC_541\Debug\TFT.o (D_C_Write)
.\CortexM0\ARM_GCC_541\Debug\Design01.a(SPIM_IntClock.o)
                              .\CortexM0\ARM_GCC_541\Debug\Design01.a(SPIM.o) (SPIM_IntClock_Start)
.\CortexM0\ARM_GCC_541\Debug\Design01.a(CyLib.o)
                              .\CortexM0\ARM_GCC_541\Debug\cyfitter_cfg.o (CyIntEnable)
.\CortexM0\ARM_GCC_541\Debug\Design01.a(CyLFClk.o)
                              .\CortexM0\ARM_GCC_541\Debug\cyfitter_cfg.o (CySysWdtIsr)
.\CortexM0\ARM_GCC_541\Debug\Design01.a(RTC.o)
                              .\CortexM0\ARM_GCC_541\Debug\main.o (RTC_SetPeriod)
.\CortexM0\ARM_GCC_541\Debug\Design01.a(rst.o)
                              .\CortexM0\ARM_GCC_541\Debug\TFT.o (rst_Write)
.\CortexM0\ARM_GCC_541\Debug\Design01.a(ring.o)
                              .\CortexM0\ARM_GCC_541\Debug\main.o (ring_Write)
.\CortexM0\ARM_GCC_541\Debug\Design01.a(PWM.o)
                              .\CortexM0\ARM_GCC_541\Debug\main.o (PWM_Start)
.\CortexM0\ARM_GCC_541\Debug\Design01.a(CyBootAsmGnu.o)
                              .\CortexM0\ARM_GCC_541\Debug\Design01.a(CyLib.o) (CyDelayCycles)
c:/program files (x86)/cypress/psoc creator/4.2/psoc creator/import/gnu/arm/5.4.1/bin/../lib/gcc/arm-none-eabi/5.4.1/armv6-m\libgcc.a(_udivsi3.o)
                              .\CortexM0\ARM_GCC_541\Debug\Design01.a(CyLib.o) (__aeabi_uidiv)
c:/program files (x86)/cypress/psoc creator/4.2/psoc creator/import/gnu/arm/5.4.1/bin/../lib/gcc/arm-none-eabi/5.4.1/armv6-m\libgcc.a(_dvmd_tls.o)
                              c:/program files (x86)/cypress/psoc creator/4.2/psoc creator/import/gnu/arm/5.4.1/bin/../lib/gcc/arm-none-eabi/5.4.1/armv6-m\libgcc.a(_udivsi3.o) (__aeabi_idiv0)
c:/program files (x86)/cypress/psoc creator/4.2/psoc creator/import/gnu/arm/5.4.1/bin/../lib/gcc/arm-none-eabi/5.4.1/armv6-m\libgcc.a(_aeabi_uldivmod.o)
                              .\CortexM0\ARM_GCC_541\Debug\Design01.a(RTC.o) (__aeabi_uldivmod)
c:/program files (x86)/cypress/psoc creator/4.2/psoc creator/import/gnu/arm/5.4.1/bin/../lib/gcc/arm-none-eabi/5.4.1/armv6-m\libgcc.a(_muldi3.o)
                              .\CortexM0\ARM_GCC_541\Debug\Design01.a(RTC.o) (__aeabi_lmul)
c:/program files (x86)/cypress/psoc creator/4.2/psoc creator/import/gnu/arm/5.4.1/bin/../lib/gcc/arm-none-eabi/5.4.1/armv6-m\libgcc.a(_udivmoddi4.o)
                              c:/program files (x86)/cypress/psoc creator/4.2/psoc creator/import/gnu/arm/5.4.1/bin/../lib/gcc/arm-none-eabi/5.4.1/armv6-m\libgcc.a(_aeabi_uldivmod.o) (__udivmoddi4)
c:/program files (x86)/cypress/psoc creator/4.2/psoc creator/import/gnu/arm/5.4.1/bin/../lib/gcc/arm-none-eabi/5.4.1/armv6-m\libgcc.a(_clzdi2.o)
                              c:/program files (x86)/cypress/psoc creator/4.2/psoc creator/import/gnu/arm/5.4.1/bin/../lib/gcc/arm-none-eabi/5.4.1/armv6-m\libgcc.a(_udivmoddi4.o) (__clzdi2)
c:/program files (x86)/cypress/psoc creator/4.2/psoc creator/import/gnu/arm/5.4.1/bin/../lib/gcc/arm-none-eabi/5.4.1/armv6-m\libgcc.a(_clzsi2.o)
                              c:/program files (x86)/cypress/psoc creator/4.2/psoc creator/import/gnu/arm/5.4.1/bin/../lib/gcc/arm-none-eabi/5.4.1/armv6-m\libgcc.a(_clzdi2.o) (__clzsi2)
c:/program files (x86)/cypress/psoc creator/4.2/psoc creator/import/gnu/arm/5.4.1/bin/../lib/gcc/arm-none-eabi/5.4.1/../../../../arm-none-eabi/lib/armv6-m\libg_nano.a(lib_a-errno.o)
                              .\CortexM0\ARM_GCC_541\Debug\Cm0Start.o (__errno)
c:/program files (x86)/cypress/psoc creator/4.2/psoc creator/import/gnu/arm/5.4.1/bin/../lib/gcc/arm-none-eabi/5.4.1/../../../../arm-none-eabi/lib/armv6-m\libg_nano.a(lib_a-exit.o)
                              c:/program files (x86)/cypress/psoc creator/4.2/psoc creator/import/gnu/arm/5.4.1/bin/../lib/gcc/arm-none-eabi/5.4.1/../../../../arm-none-eabi/lib/armv6-m/crt0.o (exit)
c:/program files (x86)/cypress/psoc creator/4.2/psoc creator/import/gnu/arm/5.4.1/bin/../lib/gcc/arm-none-eabi/5.4.1/../../../../arm-none-eabi/lib/armv6-m\libg_nano.a(lib_a-impure.o)
                              c:/program files (x86)/cypress/psoc creator/4.2/psoc creator/import/gnu/arm/5.4.1/bin/../lib/gcc/arm-none-eabi/5.4.1/../../../../arm-none-eabi/lib/armv6-m\libg_nano.a(lib_a-exit.o) (_global_impure_ptr)
c:/program files (x86)/cypress/psoc creator/4.2/psoc creator/import/gnu/arm/5.4.1/bin/../lib/gcc/arm-none-eabi/5.4.1/../../../../arm-none-eabi/lib/armv6-m\libg_nano.a(lib_a-init.o)
[...]
Memory Configuration

Name             Origin             Length             Attributes
rom              0x00000000         0x00008000         xr
ram              0x20000000         0x00001000         xrw
*default*        0x00000000         0xffffffff

Linker script and memory map

LOAD c:/program files (x86)/cypress/psoc creator/4.2/psoc creator/import/gnu/arm/5.4.1/bin/../lib/gcc/arm-none-eabi/5.4.1/armv6-m/crti.o
LOAD c:/program files (x86)/cypress/psoc creator/4.2/psoc creator/import/gnu/arm/5.4.1/bin/../lib/gcc/arm-none-eabi/5.4.1/armv6-m/crtbegin.o
LOAD c:/program files (x86)/cypress/psoc creator/4.2/psoc creator/import/gnu/arm/5.4.1/bin/../lib/gcc/arm-none-eabi/5.4.1/../../../../arm-none-eabi/lib/armv6-m/crt0.o
START GROUP
LOAD .\CortexM0\ARM_GCC_541\Debug\main.o
LOAD .\CortexM0\ARM_GCC_541\Debug\TFT.o
LOAD .\CortexM0\ARM_GCC_541\Debug\cyfitter_cfg.o
LOAD .\CortexM0\ARM_GCC_541\Debug\cymetadata.o
LOAD .\CortexM0\ARM_GCC_541\Debug\Cm0Start.o
LOAD .\CortexM0\ARM_GCC_541\Debug\Design01.a
END GROUP
START GROUP
LOAD c:/program files (x86)/cypress/psoc creator/4.2/psoc creator/import/gnu/arm/5.4.1/bin/../lib/gcc/arm-none-eabi/5.4.1/armv6-m\libgcc.a
LOAD c:/program files (x86)/cypress/psoc creator/4.2/psoc creator/import/gnu/arm/5.4.1/bin/../lib/gcc/arm-none-eabi/5.4.1/../../../../arm-none-eabi/lib/armv6-m\libg_nano.a
LOAD c:/program files (x86)/cypress/psoc creator/4.2/psoc creator/import/gnu/arm/5.4.1/bin/../lib/gcc/arm-none-eabi/5.4.1/../../../../arm-none-eabi/lib/armv6-m\libc_nano.a
END GROUP
START GROUP
LOAD c:/program files (x86)/cypress/psoc creator/4.2/psoc creator/import/gnu/arm/5.4.1/bin/../lib/gcc/arm-none-eabi/5.4.1/armv6-m\libgcc.a
LOAD c:/program files (x86)/cypress/psoc creator/4.2/psoc creator/import/gnu/arm/5.4.1/bin/../lib/gcc/arm-none-eabi/5.4.1/../../../../arm-none-eabi/lib/armv6-m\libc_nano.a
END GROUP
LOAD c:/program files (x86)/cypress/psoc creator/4.2/psoc creator/import/gnu/arm/5.4.1/bin/../lib/gcc/arm-none-eabi/5.4.1/armv6-m/crtend.o
LOAD c:/program files (x86)/cypress/psoc creator/4.2/psoc creator/import/gnu/arm/5.4.1/bin/../lib/gcc/arm-none-eabi/5.4.1/armv6-m/crtn.o
START GROUP
LOAD c:/program files (x86)/cypress/psoc creator/4.2/psoc creator/import/gnu/arm/5.4.1/bin/../lib/gcc/arm-none-eabi/5.4.1/armv6-m\libgcc.a
LOAD c:/program files (x86)/cypress/psoc creator/4.2/psoc creator/import/gnu/arm/5.4.1/bin/../lib/gcc/arm-none-eabi/5.4.1/../../../../arm-none-eabi/lib/armv6-m\libc.a
LOAD c:/program files (x86)/cypress/psoc creator/4.2/psoc creator/import/gnu/arm/5.4.1/bin/../lib/gcc/arm-none-eabi/5.4.1/../../../../arm-none-eabi/lib/armv6-m\libnosys.a
END GROUP
                0x00000000                CY_APPL_ORIGIN = 0x0
                0x00000080                CY_FLASH_ROW_SIZE = 0x80
                0x00000001                CY_APPL_NUM = 0x1
                0x00000001                CY_APPL_MAX = 0x1
                0x00000040                CY_METADATA_SIZE = 0x40
                0x00000000                CY_APPL_LOADABLE = 0x0
                0x00000000                CY_CHECKSUM_EXCLUDE_SIZE = ALIGN (0x0, CY_FLASH_ROW_SIZE)
                0x00000000                CY_APP_FOR_STACK_AND_COPIER = 0x0
                [!provide]                PROVIDE (__cy_heap_start, _end)
                0x00000001                PROVIDE (__cy_region_num, ((__cy_regions_end - __cy_regions) / 0x10))
                0x20001000                PROVIDE (__cy_stack, (ORIGIN (ram) + LENGTH (ram)))
                [!provide]                PROVIDE (__cy_heap_end, (__cy_stack - 0x400))

.cybootloader   0x00000000        0x0
 *(.cybootloader)
                0x00000000                appl1_start = CY_APPL_ORIGIN?CY_APPL_ORIGIN:ALIGN (CY_FLASH_ROW_SIZE)
                0x00003f80                appl2_start = (appl1_start + ALIGN ((((LENGTH (rom) - appl1_start) - (0x2 * CY_FLASH_ROW_SIZE)) / 0x2), CY_FLASH_ROW_SIZE))
                0x00000000                appl_start = (CY_APPL_NUM == 0x1)?appl1_start:appl2_start
                0x00000001                cy_project_type_bootloader = (appl_start == 0x0)?0x1:0x0
                0x00000000                cy_project_type_app_for_stack_and_copier = (CY_APP_FOR_STACK_AND_COPIER == 0x1)?0x1:0x0

.text           0x00000000     0x2702
 CREATE_OBJECT_SYMBOLS
                0x00000000                PROVIDE (__cy_interrupt_vector, RomVectors)
 *(.romvectors)
 .romvectors    0x00000000       0x10 .\CortexM0\ARM_GCC_541\Debug\Cm0Start.o
                0x00000000                RomVectors
                0x00000001                ASSERT ((. != __cy_interrupt_vector), No interrupt vector)
                0x00000001                ASSERT (CY_APPL_ORIGIN?(SIZEOF (.cybootloader) <= CY_APPL_ORIGIN):0x1, Wrong image location)
                0x00000010                PROVIDE (__cy_reset, Reset)
 *(.text.Reset)
 .text.Reset    0x00000010        0x8 .\CortexM0\ARM_GCC_541\Debug\Cm0Start.o
                0x00000010                Reset
                0x00000001                ASSERT ((. != __cy_reset), No reset code)
 *(.psocinit)
 .psocinit      0x00000018      0x234 .\CortexM0\ARM_GCC_541\Debug\cyfitter_cfg.o
                0x000000c0                cyfitter_cfg
                0x0000024c                . = MAX (., 0x100)
 *(.text .text.* .gnu.linkonce.t.*)
 .text          0x0000024c       0x60 c:/program files (x86)/cypress/psoc creator/4.2/psoc creator/import/gnu/arm/5.4.1/bin/../lib/gcc/arm-none-eabi/5.4.1/armv6-m/crtbegin.o
 .text.SysTickIsrHandler
                0x000002ac        0x8 .\CortexM0\ARM_GCC_541\Debug\main.o
                0x000002ac                SysTickIsrHandler
 .text.main     0x000002b4      0x144 .\CortexM0\ARM_GCC_541\Debug\main.o
                0x000002b4                main
 .text.constrain
                0x000003f8       0x10 .\CortexM0\ARM_GCC_541\Debug\TFT.o
                0x000003f8                constrain
 .text.TFT_SendCMD
                0x00000408       0x18 .\CortexM0\ARM_GCC_541\Debug\TFT.o
                0x00000408                TFT_SendCMD
 .text.TFT_WriteData
                0x00000420       0x18 .\CortexM0\ARM_GCC_541\Debug\TFT.o
                0x00000420                TFT_WriteData
 .text.TFT_SendData
                0x00000438       0x14 .\CortexM0\ARM_GCC_541\Debug\TFT.o
                0x00000438                TFT_SendData
 .text.TFT_SetCol
                0x0000044c       0x1c .\CortexM0\ARM_GCC_541\Debug\TFT.o
                0x0000044c                TFT_SetCol
 .text.TFT_SetPage
                0x00000468       0x1c .\CortexM0\ARM_GCC_541\Debug\TFT.o
                0x00000468                TFT_SetPage
 .text.TFT_ClearScreen
                0x00000484       0x4c .\CortexM0\ARM_GCC_541\Debug\TFT.o
                0x00000484                TFT_ClearScreen
 .text.TFT_FillScreen
                0x000004d0       0xb4 .\CortexM0\ARM_GCC_541\Debug\TFT.o
                0x000004d0                TFT_FillScreen
 .text.TFT_SetXY
                0x00000584       0x1c .\CortexM0\ARM_GCC_541\Debug\TFT.o
                0x00000584                TFT_SetXY
 .text.TFT_SetPixel
                0x000005a0       0x14 .\CortexM0\ARM_GCC_541\Debug\TFT.o
                0x000005a0                TFT_SetPixel
 .text.TFT_FillRectangle
                0x000005b4       0x20 .\CortexM0\ARM_GCC_541\Debug\TFT.o
                0x000005b4                TFT_FillRectangle
 .text.TFT_SetOrientation
                0x000005d4       0x60 .\CortexM0\ARM_GCC_541\Debug\TFT.o
                0x000005d4                TFT_SetOrientation
 .text.TFT_Init
                0x00000634      0x200 .\CortexM0\ARM_GCC_541\Debug\TFT.o
                0x00000634                TFT_Init
 .text.drawChar
                0x00000834       0xc8 .\CortexM0\ARM_GCC_541\Debug\TFT.o
                0x00000834                drawChar
 .text.DrawString
                0x000008fc       0x74 .\CortexM0\ARM_GCC_541\Debug\TFT.o
                0x000008fc                DrawString
 .text.cfg_write_bytes32
                0x00000970       0x34 .\CortexM0\ARM_GCC_541\Debug\cyfitter_cfg.o
 .text.CYMEMZERO
                0x000009a4        0xc .\CortexM0\ARM_GCC_541\Debug\cyfitter_cfg.o
 .text.CYCONFIGCPYCODE
                0x000009b0        0x8 .\CortexM0\ARM_GCC_541\Debug\cyfitter_cfg.o
 .text.IntDefaultHandler
                0x000009b8       0x10 .\CortexM0\ARM_GCC_541\Debug\Cm0Start.o
                0x000009b8                IntDefaultHandler
 .text._sbrk    0x000009c8       0x30 .\CortexM0\ARM_GCC_541\Debug\Cm0Start.o
                0x000009c8                _sbrk
 .text.Start_c  0x000009f8       0x48 .\CortexM0\ARM_GCC_541\Debug\Cm0Start.o
                0x000009f8                Start_c
 .text.initialize_psoc
                0x00000a40       0x40 .\CortexM0\ARM_GCC_541\Debug\Cm0Start.o
                0x00000a40                initialize_psoc
 .text.SPIM_EnableTxInt
                0x00000a80        0xc .\CortexM0\ARM_GCC_541\Debug\Design01.a(SPIM.o)
                0x00000a80                SPIM_EnableTxInt
 .text.SPIM_EnableRxInt
                0x00000a8c        0xc .\CortexM0\ARM_GCC_541\Debug\Design01.a(SPIM.o)
                0x00000a8c                SPIM_EnableRxInt
 .text.SPIM_Enable
                0x00000a98       0x48 .\CortexM0\ARM_GCC_541\Debug\Design01.a(SPIM.o)
                0x00000a98                SPIM_Enable
 .text.SPIM_DisableTxInt
                0x00000ae0        0xc .\CortexM0\ARM_GCC_541\Debug\Design01.a(SPIM.o)
                0x00000ae0                SPIM_DisableTxInt
 .text.SPIM_DisableRxInt
                0x00000aec        0xc .\CortexM0\ARM_GCC_541\Debug\Design01.a(SPIM.o)
                0x00000aec                SPIM_DisableRxInt
 .text.SPIM_ReadTxStatus
                0x00000af8       0x28 .\CortexM0\ARM_GCC_541\Debug\Design01.a(SPIM.o)
                0x00000af8                SPIM_ReadTxStatus
 .text.SPIM_ReadRxStatus
                0x00000b20       0x28 .\CortexM0\ARM_GCC_541\Debug\Design01.a(SPIM.o)
                0x00000b20                SPIM_ReadRxStatus
 .text.SPIM_WriteTxData
                0x00000b48       0xd4 .\CortexM0\ARM_GCC_541\Debug\Design01.a(SPIM.o)
                0x00000b48                SPIM_WriteTxData
 .text.SPIM_ClearFIFO
                0x00000c1c       0x3c .\CortexM0\ARM_GCC_541\Debug\Design01.a(SPIM.o)
                0x00000c1c                SPIM_ClearFIFO
 .text.SPIM_Init
                0x00000c58       0x94 .\CortexM0\ARM_GCC_541\Debug\Design01.a(SPIM.o)
                0x00000c58                SPIM_Init
 .text.SPIM_Start
                0x00000cec       0x20 .\CortexM0\ARM_GCC_541\Debug\Design01.a(SPIM.o)
                0x00000cec                SPIM_Start
 .text.SPIM_TX_ISR
                0x00000d0c       0x9c .\CortexM0\ARM_GCC_541\Debug\Design01.a(SPIM_INT.o)
                0x00000d0c                SPIM_TX_ISR
 .text.SPIM_RX_ISR
                0x00000da8       0xa0 .\CortexM0\ARM_GCC_541\Debug\Design01.a(SPIM_INT.o)
                0x00000da8                SPIM_RX_ISR
 .text.D_C_Write
                0x00000e48       0x18 .\CortexM0\ARM_GCC_541\Debug\Design01.a(D_C.o)
                0x00000e48                D_C_Write
 .text.SPIM_IntClock_Start
                0x00000e60       0x14 .\CortexM0\ARM_GCC_541\Debug\Design01.a(SPIM_IntClock.o)
                0x00000e60                SPIM_IntClock_Start
 .text.CyIntEnable
                0x00000e74       0x14 .\CortexM0\ARM_GCC_541\Debug\Design01.a(CyLib.o)
                0x00000e74                CyIntEnable
 .text.CyIntDisable
                0x00000e88       0x14 .\CortexM0\ARM_GCC_541\Debug\Design01.a(CyLib.o)
                0x00000e88                CyIntDisable
 .text.CyHalt   0x00000e9c        0x4 .\CortexM0\ARM_GCC_541\Debug\Design01.a(CyLib.o)
                0x00000e9c                CyHalt
 .text.CyIntSetSysVector
                0x00000ea0       0x20 .\CortexM0\ARM_GCC_541\Debug\Design01.a(CyLib.o)
                0x00000ea0                CyIntSetSysVector
 .text.CyIntSetVector
                0x00000ec0       0x24 .\CortexM0\ARM_GCC_541\Debug\Design01.a(CyLib.o)
                0x00000ec0                CyIntSetVector
 .text.CyIntSetPriority
                0x00000ee4       0x4c .\CortexM0\ARM_GCC_541\Debug\Design01.a(CyLib.o)
                0x00000ee4                CyIntSetPriority
 .text.CyDelay  0x00000f30       0x30 .\CortexM0\ARM_GCC_541\Debug\Design01.a(CyLib.o)
                0x00000f30                CyDelay
 .text.CyDelayUs
                0x00000f60       0x14 .\CortexM0\ARM_GCC_541\Debug\Design01.a(CyLib.o)
                0x00000f60                CyDelayUs
 .text.CySysClkWriteImoFreq
                0x00000f74      0x164 .\CortexM0\ARM_GCC_541\Debug\Design01.a(CyLib.o)
                0x00000f74                CySysClkWriteImoFreq
 .text.CySysTickEnableInterrupt
                0x000010d8       0x10 .\CortexM0\ARM_GCC_541\Debug\Design01.a(CyLib.o)
                0x000010d8                CySysTickEnableInterrupt
 .text.CySysTickEnable
                0x000010e8       0x18 .\CortexM0\ARM_GCC_541\Debug\Design01.a(CyLib.o)
                0x000010e8                CySysTickEnable
 .text.CySysTickSetReload
                0x00001100       0x10 .\CortexM0\ARM_GCC_541\Debug\Design01.a(CyLib.o)
                0x00001100                CySysTickSetReload
 .text.CySysTickGetCountFlag
                0x00001110       0x10 .\CortexM0\ARM_GCC_541\Debug\Design01.a(CyLib.o)
                0x00001110                CySysTickGetCountFlag
 .text.CySysTickServiceCallbacks
                0x00001120       0x28 .\CortexM0\ARM_GCC_541\Debug\Design01.a(CyLib.o)
 .text.CySysTickClear
                0x00001148        0xc .\CortexM0\ARM_GCC_541\Debug\Design01.a(CyLib.o)
                0x00001148                CySysTickClear
 .text.CySysTickInit
                0x00001154       0x40 .\CortexM0\ARM_GCC_541\Debug\Design01.a(CyLib.o)
                0x00001154                CySysTickInit
 .text.CySysTickStart
                0x00001194       0x20 .\CortexM0\ARM_GCC_541\Debug\Design01.a(CyLib.o)
                0x00001194                CySysTickStart
 .text.CySysTickSetCallback
                0x000011b4       0x10 .\CortexM0\ARM_GCC_541\Debug\Design01.a(CyLib.o)
                0x000011b4                CySysTickSetCallback
 .text.CySysTickGetCallback
                0x000011c4        0xc .\CortexM0\ARM_GCC_541\Debug\Design01.a(CyLib.o)
                0x000011c4                CySysTickGetCallback
 .text.CySysWdtLocked
                0x000011d0       0x14 .\CortexM0\ARM_GCC_541\Debug\Design01.a(CyLFClk.o)
 .text.CySysWdtLock
                0x000011e4       0x1c .\CortexM0\ARM_GCC_541\Debug\Design01.a(CyLFClk.o)
                0x000011e4                CySysWdtLock
 .text.CySysWdtUnlock
                0x00001200       0x30 .\CortexM0\ARM_GCC_541\Debug\Design01.a(CyLFClk.o)
                0x00001200                CySysWdtUnlock
 .text.CySysWdtClearInterrupt
                0x00001230       0x4c .\CortexM0\ARM_GCC_541\Debug\Design01.a(CyLFClk.o)
                0x00001230                CySysWdtClearInterrupt
 .text.CySysWdtIsr
                0x0000127c       0xa4 .\CortexM0\ARM_GCC_541\Debug\Design01.a(CyLFClk.o)
                0x0000127c                CySysWdtIsr
 .text.RTC_SetPeriod
                0x00001320        0xc .\CortexM0\ARM_GCC_541\Debug\Design01.a(RTC.o)
                0x00001320                RTC_SetPeriod
 .text.RTC_Update
                0x0000132c       0x38 .\CortexM0\ARM_GCC_541\Debug\Design01.a(RTC.o)
                0x0000132c                RTC_Update
 .text.RTC_DateTimeToUnix
                0x00001364      0x1dc .\CortexM0\ARM_GCC_541\Debug\Design01.a(RTC.o)
                0x00001364                RTC_DateTimeToUnix
 .text.RTC_SetDateAndTime
                0x00001540       0xc0 .\CortexM0\ARM_GCC_541\Debug\Design01.a(RTC.o)
                0x00001540                RTC_SetDateAndTime
 .text.RTC_Init
                0x00001600       0x40 .\CortexM0\ARM_GCC_541\Debug\Design01.a(RTC.o)
                0x00001600                RTC_Init
 .text.RTC_Start
                0x00001640       0x14 .\CortexM0\ARM_GCC_541\Debug\Design01.a(RTC.o)
                0x00001640                RTC_Start
 .text.RTC_DaysInMonth
                0x00001654       0x48 .\CortexM0\ARM_GCC_541\Debug\Design01.a(RTC.o)
                0x00001654                RTC_DaysInMonth
 .text.RTC_UnixToDateTime
                0x0000169c      0x2a0 .\CortexM0\ARM_GCC_541\Debug\Design01.a(RTC.o)
                0x0000169c                RTC_UnixToDateTime
 .text.RTC_GetTime
                0x0000193c       0x30 .\CortexM0\ARM_GCC_541\Debug\Design01.a(RTC.o)
                0x0000193c                RTC_GetTime
 .text.rst_Write
                0x0000196c       0x18 .\CortexM0\ARM_GCC_541\Debug\Design01.a(rst.o)
                0x0000196c                rst_Write
 .text.ring_Write
                0x00001984       0x18 .\CortexM0\ARM_GCC_541\Debug\Design01.a(ring.o)
                0x00001984                ring_Write
 .text.ring_Read
                0x0000199c       0x10 .\CortexM0\ARM_GCC_541\Debug\Design01.a(ring.o)
                0x0000199c                ring_Read
 .text.PWM_Enable
                0x000019ac       0x14 .\CortexM0\ARM_GCC_541\Debug\Design01.a(PWM.o)
                0x000019ac                PWM_Enable
 .text.PWM_WriteCounter
                0x000019c0        0xc .\CortexM0\ARM_GCC_541\Debug\Design01.a(PWM.o)
                0x000019c0                PWM_WriteCounter
 .text.PWM_WritePeriod
                0x000019cc        0xc .\CortexM0\ARM_GCC_541\Debug\Design01.a(PWM.o)
                0x000019cc                PWM_WritePeriod
 .text.PWM_WriteCompare
                0x000019d8        0xc .\CortexM0\ARM_GCC_541\Debug\Design01.a(PWM.o)
                0x000019d8                PWM_WriteCompare
 .text.PWM_SetInterruptMode
                0x000019e4        0xc .\CortexM0\ARM_GCC_541\Debug\Design01.a(PWM.o)
                0x000019e4                PWM_SetInterruptMode
 .text.PWM_ReadStatusRegister
                0x000019f0        0xc .\CortexM0\ARM_GCC_541\Debug\Design01.a(PWM.o)
                0x000019f0                PWM_ReadStatusRegister
 .text.PWM_ReadCapture
                0x000019fc        0xc .\CortexM0\ARM_GCC_541\Debug\Design01.a(PWM.o)
                0x000019fc                PWM_ReadCapture
 .text.PWM_ClearFIFO
                0x00001a08       0x14 .\CortexM0\ARM_GCC_541\Debug\Design01.a(PWM.o)
                0x00001a08                PWM_ClearFIFO
 .text.PWM_Init
                0x00001a1c       0x58 .\CortexM0\ARM_GCC_541\Debug\Design01.a(PWM.o)
                0x00001a1c                PWM_Init
 .text.PWM_Start
                0x00001a74       0x20 .\CortexM0\ARM_GCC_541\Debug\Design01.a(PWM.o)
                0x00001a74                PWM_Start
 *fill*         0x00001a94        0x4 
 .text          0x00001a98       0x24 .\CortexM0\ARM_GCC_541\Debug\Design01.a(CyBootAsmGnu.o)
                0x00001a98                CyDelayCycles
                0x00001aac                CyEnterCriticalSection
                0x00001ab4                CyExitCriticalSection
 .text          0x00001abc      0x114 c:/program files (x86)/cypress/psoc creator/4.2/psoc creator/import/gnu/arm/5.4.1/bin/../lib/gcc/arm-none-eabi/5.4.1/armv6-m\libgcc.a(_udivsi3.o)
                0x00001abc                __aeabi_uidiv
                0x00001abc                __udivsi3
                0x00001bc8                __aeabi_uidivmod
 .text          0x00001bd0        0x4 c:/program files (x86)/cypress/psoc creator/4.2/psoc creator/import/gnu/arm/5.4.1/bin/../lib/gcc/arm-none-eabi/5.4.1/armv6-m\libgcc.a(_dvmd_tls.o)
                0x00001bd0                __aeabi_idiv0
                0x00001bd0                __aeabi_ldiv0
 .text          0x00001bd4       0x40 c:/program files (x86)/cypress/psoc creator/4.2/psoc creator/import/gnu/arm/5.4.1/bin/../lib/gcc/arm-none-eabi/5.4.1/armv6-m\libgcc.a(_aeabi_uldivmod.o)
                0x00001bd4                __aeabi_uldivmod
 .text          0x00001c14       0x58 c:/program files (x86)/cypress/psoc creator/4.2/psoc creator/import/gnu/arm/5.4.1/bin/../lib/gcc/arm-none-eabi/5.4.1/armv6-m\libgcc.a(_muldi3.o)
                0x00001c14                __muldi3
                0x00001c14                __aeabi_lmul
 .text          0x00001c6c      0x180 c:/program files (x86)/cypress/psoc creator/4.2/psoc creator/import/gnu/arm/5.4.1/bin/../lib/gcc/arm-none-eabi/5.4.1/armv6-m\libgcc.a(_udivmoddi4.o)
                0x00001c6c                __udivmoddi4
 .text          0x00001dec       0x18 c:/program files (x86)/cypress/psoc creator/4.2/psoc creator/import/gnu/arm/5.4.1/bin/../lib/gcc/arm-none-eabi/5.4.1/armv6-m\libgcc.a(_clzdi2.o)
                0x00001dec                __clzdi2
 .text          0x00001e04       0x3c c:/program files (x86)/cypress/psoc creator/4.2/psoc creator/import/gnu/arm/5.4.1/bin/../lib/gcc/arm-none-eabi/5.4.1/armv6-m\libgcc.a(_clzsi2.o)
                0x00001e04                __clzsi2
 .text.__errno  0x00001e40        0xc c:/program files (x86)/cypress/psoc creator/4.2/psoc creator/import/gnu/arm/5.4.1/bin/../lib/gcc/arm-none-eabi/5.4.1/../../../../arm-none-eabi/lib/armv6-m\libg_nano.a(lib_a-errno.o)
                0x00001e40                __errno
 .text.__libc_init_array
                0x00001e4c       0x4c c:/program files (x86)/cypress/psoc creator/4.2/psoc creator/import/gnu/arm/5.4.1/bin/../lib/gcc/arm-none-eabi/5.4.1/../../../../arm-none-eabi/lib/armv6-m\libg_nano.a(lib_a-init.o)
                0x00001e4c                __libc_init_array
 .text.memcpy   0x00001e98       0x12 c:/program files (x86)/cypress/psoc creator/4.2/psoc creator/import/gnu/arm/5.4.1/bin/../lib/gcc/arm-none-eabi/5.4.1/../../../../arm-none-eabi/lib/armv6-m\libg_nano.a(lib_a-memcpy-stub.o)
                0x00001e98                memcpy
 .text.memset   0x00001eaa       0x10 c:/program files (x86)/cypress/psoc creator/4.2/psoc creator/import/gnu/arm/5.4.1/bin/../lib/gcc/arm-none-eabi/5.4.1/../../../../arm-none-eabi/lib/armv6-m\libg_nano.a(lib_a-memset.o)
                0x00001eaa                memset
 *fill*         0x00001eba        0x2 
 .text.sprintf  0x00001ebc       0x44 c:/program files (x86)/cypress/psoc creator/4.2/psoc creator/import/gnu/arm/5.4.1/bin/../lib/gcc/arm-none-eabi/5.4.1/../../../../arm-none-eabi/lib/armv6-m\libg_nano.a(lib_a-sprintf.o)
                0x00001ebc                siprintf
                0x00001ebc                sprintf
 .text.__ssputs_r
                0x00001f00       0xc4 c:/program files (x86)/cypress/psoc creator/4.2/psoc creator/import/gnu/arm/5.4.1/bin/../lib/gcc/arm-none-eabi/5.4.1/../../../../arm-none-eabi/lib/armv6-m\libg_nano.a(lib_a-nano-svfprintf.o)
                0x00001f00                __ssputs_r
 .text._svfprintf_r
                0x00001fc4      0x1fc c:/program files (x86)/cypress/psoc creator/4.2/psoc creator/import/gnu/arm/5.4.1/bin/../lib/gcc/arm-none-eabi/5.4.1/../../../../arm-none-eabi/lib/armv6-m\libg_nano.a(lib_a-nano-svfprintf.o)
                0x00001fc4                _svfiprintf_r
                0x00001fc4                _svfprintf_r
 .text._printf_common
                0x000021c0       0xdc c:/program files (x86)/cypress/psoc creator/4.2/psoc creator/import/gnu/arm/5.4.1/bin/../lib/gcc/arm-none-eabi/5.4.1/../../../../arm-none-eabi/lib/armv6-m\libg_nano.a(lib_a-nano-vfprintf_i.o)
                0x000021c0                _printf_common
 .text._printf_i
                0x0000229c      0x244 c:/program files (x86)/cypress/psoc creator/4.2/psoc creator/import/gnu/arm/5.4.1/bin/../lib/gcc/arm-none-eabi/5.4.1/../../../../arm-none-eabi/lib/armv6-m\libg_nano.a(lib_a-nano-vfprintf_i.o)
                0x0000229c                _printf_i
 .text.memchr   0x000024e0       0x16 c:/program files (x86)/cypress/psoc creator/4.2/psoc creator/import/gnu/arm/5.4.1/bin/../lib/gcc/arm-none-eabi/5.4.1/../../../../arm-none-eabi/lib/armv6-m\libg_nano.a(lib_a-memchr-stub.o)
                0x000024e0                memchr
 .text.memmove  0x000024f6       0x2a c:/program files (x86)/cypress/psoc creator/4.2/psoc creator/import/gnu/arm/5.4.1/bin/../lib/gcc/arm-none-eabi/5.4.1/../../../../arm-none-eabi/lib/armv6-m\libg_nano.a(lib_a-memmove.o)
                0x000024f6                memmove
 .text._free_r  0x00002520       0x98 c:/program files (x86)/cypress/psoc creator/4.2/psoc creator/import/gnu/arm/5.4.1/bin/../lib/gcc/arm-none-eabi/5.4.1/../../../../arm-none-eabi/lib/armv6-m\libg_nano.a(lib_a-nano-freer.o)
                0x00002520                _free_r
 .text._malloc_r
                0x000025b8       0xc0 c:/program files (x86)/cypress/psoc creator/4.2/psoc creator/import/gnu/arm/5.4.1/bin/../lib/gcc/arm-none-eabi/5.4.1/../../../../arm-none-eabi/lib/armv6-m\libg_nano.a(lib_a-nano-mallocr.o)
                0x000025b8                _malloc_r
 .text._realloc_r
                0x00002678       0x4c c:/program files (x86)/cypress/psoc creator/4.2/psoc creator/import/gnu/arm/5.4.1/bin/../lib/gcc/arm-none-eabi/5.4.1/../../../../arm-none-eabi/lib/armv6-m\libg_nano.a(lib_a-nano-reallocr.o)
                0x00002678                _realloc_r
 .text._sbrk_r  0x000026c4       0x24 c:/program files (x86)/cypress/psoc creator/4.2/psoc creator/import/gnu/arm/5.4.1/bin/../lib/gcc/arm-none-eabi/5.4.1/../../../../arm-none-eabi/lib/armv6-m\libg_nano.a(lib_a-sbrkr.o)
                0x000026c4                _sbrk_r
 .text.__malloc_lock
                0x000026e8        0x2 c:/program files (x86)/cypress/psoc creator/4.2/psoc creator/import/gnu/arm/5.4.1/bin/../lib/gcc/arm-none-eabi/5.4.1/../../../../arm-none-eabi/lib/armv6-m\libg_nano.a(lib_a-mlock.o)
                0x000026e8                __malloc_lock
 .text.__malloc_unlock
                0x000026ea        0x2 c:/program files (x86)/cypress/psoc creator/4.2/psoc creator/import/gnu/arm/5.4.1/bin/../lib/gcc/arm-none-eabi/5.4.1/../../../../arm-none-eabi/lib/armv6-m\libg_nano.a(lib_a-mlock.o)
                0x000026ea                __malloc_unlock
 .text._malloc_usable_size_r
                0x000026ec       0x16 c:/program files (x86)/cypress/psoc creator/4.2/psoc creator/import/gnu/arm/5.4.1/bin/../lib/gcc/arm-none-eabi/5.4.1/../../../../arm-none-eabi/lib/armv6-m\libg_nano.a(lib_a-nano-msizer.o)
                0x000026ec                _malloc_usable_size_r
 *(.plt)
 *(.gnu.warning)
 *(.glue_7t)
 .glue_7t       0x00002702        0x0 linker stubs
 *(.glue_7)
 .glue_7        0x00002702        0x0 linker stubs
 *(.vfp11_veneer)
 .vfp11_veneer  0x00002702        0x0 linker stubs
 *(.bootloader)
 *(.ARM.extab* .gnu.linkonce.armextab.*)
 *(.gcc_except_table)

.v4_bx          0x00002704        0x0
 .v4_bx         0x00002704        0x0 linker stubs

.iplt           0x00002704        0x0
 .iplt          0x00002704        0x0 c:/program files (x86)/cypress/psoc creator/4.2/psoc creator/import/gnu/arm/5.4.1/bin/../lib/gcc/arm-none-eabi/5.4.1/armv6-m/crtbegin.o

.eh_frame_hdr
 *(.eh_frame_hdr)

.eh_frame       0x00002704        0x4
 *(.eh_frame)
 .eh_frame      0x00002704        0x0 c:/program files (x86)/cypress/psoc creator/4.2/psoc creator/import/gnu/arm/5.4.1/bin/../lib/gcc/arm-none-eabi/5.4.1/armv6-m/crtbegin.o
 .eh_frame      0x00002704        0x4 c:/program files (x86)/cypress/psoc creator/4.2/psoc creator/import/gnu/arm/5.4.1/bin/../lib/gcc/arm-none-eabi/5.4.1/armv6-m/crtend.o
                [!provide]                PROVIDE (__exidx_start, .)

.ARM.exidx      0x00002708        0x8
 *(.ARM.exidx* .gnu.linkonce.armexidx.*)
 .ARM.exidx     0x00002708        0x8 c:/program files (x86)/cypress/psoc creator/4.2/psoc creator/import/gnu/arm/5.4.1/bin/../lib/gcc/arm-none-eabi/5.4.1/armv6-m\libgcc.a(_udivmoddi4.o)
                0x00002710                __exidx_end = .

.rodata         0x00002710     0x12b8
 *(.rodata .rodata.* .gnu.linkonce.r.*)
 .rodata.str1.4
                0x00002710       0x10 .\CortexM0\ARM_GCC_541\Debug\main.o
                                  0xf (size before relaxing)
 .rodata        0x00002720      0xeac .\CortexM0\ARM_GCC_541\Debug\TFT.o
                0x00002c1c                Font16x16
 .rodata        0x000035cc      0x338 .\CortexM0\ARM_GCC_541\Debug\cyfitter_cfg.o
 .rodata        0x00003904       0x2e .\CortexM0\ARM_GCC_541\Debug\Design01.a(CyLib.o)
                0x00003904                cyImoFreqMhz2Reg
 *fill*         0x00003932        0x2 
 .rodata        0x00003934       0x24 .\CortexM0\ARM_GCC_541\Debug\Design01.a(RTC.o)
                0x00003934                RTC_daysBeforeMonthTbl
                0x0000394c                RTC_daysInMonthTbl
 .rodata.str1.1
                0x00003958        0x2 c:/program files (x86)/cypress/psoc creator/4.2/psoc creator/import/gnu/arm/5.4.1/bin/../lib/gcc/arm-none-eabi/5.4.1/../../../../arm-none-eabi/lib/armv6-m\libg_nano.a(lib_a-impure.o)
 .rodata.str1.1
                0x0000395a       0x11 c:/program files (x86)/cypress/psoc creator/4.2/psoc creator/import/gnu/arm/5.4.1/bin/../lib/gcc/arm-none-eabi/5.4.1/../../../../arm-none-eabi/lib/armv6-m\libg_nano.a(lib_a-nano-svfprintf.o)
 .rodata.str1.1
                0x0000396b       0x22 c:/program files (x86)/cypress/psoc creator/4.2/psoc creator/import/gnu/arm/5.4.1/bin/../lib/gcc/arm-none-eabi/5.4.1/../../../../arm-none-eabi/lib/armv6-m\libg_nano.a(lib_a-nano-vfprintf_i.o)
                0x00003990                . = ALIGN (0x4)
 *fill*         0x0000398d        0x3 
 *(.init)
 .init          0x00003990        0x4 c:/program files (x86)/cypress/psoc creator/4.2/psoc creator/import/gnu/arm/5.4.1/bin/../lib/gcc/arm-none-eabi/5.4.1/armv6-m/crti.o
                0x00003990                _init
 .init          0x00003994        0x8 c:/program files (x86)/cypress/psoc creator/4.2/psoc creator/import/gnu/arm/5.4.1/bin/../lib/gcc/arm-none-eabi/5.4.1/armv6-m/crtn.o
                0x0000399c                . = ALIGN (0x4)
                0x0000399c                __preinit_array_start = .
 *(.preinit_array)
                0x0000399c                __preinit_array_end = .
                0x0000399c                . = ALIGN (0x4)
                0x0000399c                __init_array_start = .
 *(SORT(.init_array.*))
 *(.init_array)
 .init_array    0x0000399c        0x4 c:/program files (x86)/cypress/psoc creator/4.2/psoc creator/import/gnu/arm/5.4.1/bin/../lib/gcc/arm-none-eabi/5.4.1/armv6-m/crtbegin.o
 .init_array    0x000039a0        0x4 .\CortexM0\ARM_GCC_541\Debug\Cm0Start.o
                0x000039a4                __init_array_end = .
                0x000039a4                . = ALIGN (0x4)
 *(.fini)
 .fini          0x000039a4        0x4 c:/program files (x86)/cypress/psoc creator/4.2/psoc creator/import/gnu/arm/5.4.1/bin/../lib/gcc/arm-none-eabi/5.4.1/armv6-m/crti.o
                0x000039a4                _fini
 .fini          0x000039a8        0x8 c:/program files (x86)/cypress/psoc creator/4.2/psoc creator/import/gnu/arm/5.4.1/bin/../lib/gcc/arm-none-eabi/5.4.1/armv6-m/crtn.o
                0x000039b0                . = ALIGN (0x4)
                0x000039b0                __fini_array_start = .
 *(.fini_array)
 .fini_array    0x000039b0        0x4 c:/program files (x86)/cypress/psoc creator/4.2/psoc creator/import/gnu/arm/5.4.1/bin/../lib/gcc/arm-none-eabi/5.4.1/armv6-m/crtbegin.o
 *(SORT(.fini_array.*))
                0x000039b4                __fini_array_end = .
                0x000039b4                . = ALIGN (0x4)
 *crtbegin.o(.ctors)
 *(EXCLUDE_FILE(*crtend.o) .ctors)
 *(SORT(.ctors.*))
 *crtend.o(.ctors)
                0x000039b4                . = ALIGN (0x4)
 *crtbegin.o(.dtors)
 *(EXCLUDE_FILE(*crtend.o) .dtors)
 *(SORT(.dtors.*))
 *crtend.o(.dtors)
                0x000039b4                . = ALIGN (0x4)
                0x000039b4                __cy_regions = .
                0x000039b4        0x4 LONG 0x39c8 __cy_region_init_ram
                0x000039b8        0x4 LONG 0x200000c0 __cy_region_start_data
                0x000039bc        0x4 LONG 0x88 __cy_region_init_size_ram
                0x000039c0        0x4 LONG 0xc8 __cy_region_zero_size_ram
                0x000039c4                __cy_regions_end = .
                0x000039c8                . = ALIGN (0x8)
 *fill*         0x000039c4        0x4 
                0x000039c8                _etext = .

.cy_checksum_exclude
                0x000039c8        0x0
 *(.cy_checksum_exclude)

.ramvectors     0x20000000       0xc0
                0x20000000                __cy_region_start_ram = .
 *(.ramvectors)
 .ramvectors    0x20000000       0xc0 .\CortexM0\ARM_GCC_541\Debug\Cm0Start.o
                0x20000000                CyRamVectors

.noinit
 *(.noinit)

.data           0x200000c0       0x88 load address 0x000039c8
                0x200000c0                __cy_region_start_data = .
 *(.jcr)
 .jcr           0x200000c0        0x0 c:/program files (x86)/cypress/psoc creator/4.2/psoc creator/import/gnu/arm/5.4.1/bin/../lib/gcc/arm-none-eabi/5.4.1/armv6-m/crtbegin.o
 .jcr           0x200000c0        0x4 c:/program files (x86)/cypress/psoc creator/4.2/psoc creator/import/gnu/arm/5.4.1/bin/../lib/gcc/arm-none-eabi/5.4.1/armv6-m/crtend.o
 *(.got.plt)
 *(.got)
 *(.shdata)
 *(.data .data.* .gnu.linkonce.d.*)
 .data          0x200000c4        0x4 .\CortexM0\ARM_GCC_541\Debug\TFT.o
                0x200000c4                MAX_X
                0x200000c6                MAX_Y
 .data          0x200000c8        0x4 .\CortexM0\ARM_GCC_541\Debug\Cm0Start.o
 .data          0x200000cc       0x14 .\CortexM0\ARM_GCC_541\Debug\Design01.a(CyLib.o)
                0x200000cc                CySysClkPumpConfig
                0x200000d0                cydelay32kMs
                0x200000d4                cydelayFreqKhz
                0x200000d8                cydelayFreqMhz
                0x200000dc                cydelayFreqHz
 .data          0x200000e0        0x4 .\CortexM0\ARM_GCC_541\Debug\Design01.a(CyLFClk.o)
 .data.impure_data
                0x200000e4       0x60 c:/program files (x86)/cypress/psoc creator/4.2/psoc creator/import/gnu/arm/5.4.1/bin/../lib/gcc/arm-none-eabi/5.4.1/../../../../arm-none-eabi/lib/armv6-m\libg_nano.a(lib_a-impure.o)
 .data._impure_ptr
                0x20000144        0x4 c:/program files (x86)/cypress/psoc creator/4.2/psoc creator/import/gnu/arm/5.4.1/bin/../lib/gcc/arm-none-eabi/5.4.1/../../../../arm-none-eabi/lib/armv6-m\libg_nano.a(lib_a-impure.o)
                0x20000144                _impure_ptr
                0x20000148                . = ALIGN (0x8)
 *(.ram)
                0x20000148                _edata = .

.igot.plt       0x20000148        0x0 load address 0x00003a50
 .igot.plt      0x20000148        0x0 c:/program files (x86)/cypress/psoc creator/4.2/psoc creator/import/gnu/arm/5.4.1/bin/../lib/gcc/arm-none-eabi/5.4.1/armv6-m/crtbegin.o

.bss            0x20000148       0xc8 load address 0x00003a50
                0x20000148                PROVIDE (__bss_start__, .)
 *(.shbss)
 *(.bss .bss.* .gnu.linkonce.b.*)
 .bss           0x20000148       0x1c c:/program files (x86)/cypress/psoc creator/4.2/psoc creator/import/gnu/arm/5.4.1/bin/../lib/gcc/arm-none-eabi/5.4.1/armv6-m/crtbegin.o
 .bss           0x20000164        0x1 .\CortexM0\ARM_GCC_541\Debug\Design01.a(SPIM.o)
                0x20000164                SPIM_initVar
 *fill*         0x20000165        0x3 
 .bss           0x20000168       0x18 .\CortexM0\ARM_GCC_541\Debug\Design01.a(CyLib.o)
                0x2000017c                CySysTickInitVar
 .bss           0x20000180       0x20 .\CortexM0\ARM_GCC_541\Debug\Design01.a(CyLFClk.o)
 .bss           0x200001a0       0x10 .\CortexM0\ARM_GCC_541\Debug\Design01.a(RTC.o)
 .bss           0x200001b0        0x1 .\CortexM0\ARM_GCC_541\Debug\Design01.a(PWM.o)
                0x200001b0                PWM_initVar
 *fill*         0x200001b1        0x3 
 .bss.__malloc_sbrk_start
                0x200001b4        0x4 c:/program files (x86)/cypress/psoc creator/4.2/psoc creator/import/gnu/arm/5.4.1/bin/../lib/gcc/arm-none-eabi/5.4.1/../../../../arm-none-eabi/lib/armv6-m\libg_nano.a(lib_a-nano-mallocr.o)
                0x200001b4                __malloc_sbrk_start
 .bss.__malloc_free_list
                0x200001b8        0x4 c:/program files (x86)/cypress/psoc creator/4.2/psoc creator/import/gnu/arm/5.4.1/bin/../lib/gcc/arm-none-eabi/5.4.1/../../../../arm-none-eabi/lib/armv6-m\libg_nano.a(lib_a-nano-mallocr.o)
                0x200001b8                __malloc_free_list
 *(COMMON)
 COMMON         0x200001bc       0x1e .\CortexM0\ARM_GCC_541\Debug\Design01.a(SPIM.o)
                0x200001bc                SPIM_rxBufferFull
                0x200001c0                SPIM_txBuffer
                0x200001c8                SPIM_swStatusTx
                0x200001cc                SPIM_rxBuffer
                0x200001d4                SPIM_txBufferFull
                0x200001d5                SPIM_txBufferRead
                0x200001d6                SPIM_rxBufferWrite
                0x200001d7                SPIM_txBufferWrite
                0x200001d8                SPIM_rxBufferRead
                0x200001d9                SPIM_swStatusRx
 *fill*         0x200001da        0x6 
 COMMON         0x200001e0       0x28 .\CortexM0\ARM_GCC_541\Debug\Design01.a(RTC.o)
                0x200001e0                RTC_initVar
                0x200001e4                RTC_currentTimeDate
                0x200001f4                RTC_alarmCurStatus
                0x200001f8                RTC_dstStatus
                0x20000200                RTC_unixTime
 COMMON         0x20000208        0x4 c:/program files (x86)/cypress/psoc creator/4.2/psoc creator/import/gnu/arm/5.4.1/bin/../lib/gcc/arm-none-eabi/5.4.1/../../../../arm-none-eabi/lib/armv6-m\libg_nano.a(lib_a-reent.o)
                0x20000208                errno
                0x20000210                . = ALIGN (0x8)
 *fill*         0x2000020c        0x4 
 *(.ram.b)
                0x20000210                _end = .
                0x20000210                __end = .
                0x20000210                PROVIDE (end, .)
                0x20000210                PROVIDE (__bss_end__, .)
                0x000039c8                __cy_region_init_ram = LOADADDR (.data)
                0x00000088                __cy_region_init_size_ram = (_edata - ADDR (.data))
                0x000000c8                __cy_region_zero_size_ram = (_end - _edata)

.heap           0x20000210       0x80 load address 0x00003a50
                0x20000210                . = _end
                0x20000290                . = (. + 0x80)
 *fill*         0x20000210       0x80 
                0x20000290                __cy_heap_limit = .

.stack          0x20000c00      0x400
                0x20000c00                __cy_stack_limit = .
                0x20001000                . = (. + 0x400)
 *fill*         0x20000c00      0x400 
                0x00000001                ASSERT ((__cy_stack_limit >= __cy_heap_limit), region RAM overflowed with stack)
                0x00000000                cy_checksum_exclude_size = (CY_APPL_LOADABLE == 0x1)?SIZEOF (.cy_checksum_exclude):0x0
                0x00000001                ASSERT ((cy_checksum_exclude_size <= CY_CHECKSUM_EXCLUDE_SIZE), CY_BOOT: Section .cy_checksum_exclude size exceedes specified limit.)
                0x00007fc0                cyloadermeta_start = (cy_project_type_bootloader || cy_project_type_app_for_stack_and_copier)?(LENGTH (rom) - CY_METADATA_SIZE):0xf0000000

.cyloadermeta
 *(.cyloadermeta)
                0x00007fc0                cyloadablemeta_start = cy_project_type_app_for_stack_and_copier?((LENGTH (rom) - CY_FLASH_ROW_SIZE) - CY_METADATA_SIZE):((LENGTH (rom) - (CY_FLASH_ROW_SIZE * (CY_APPL_NUM - 0x1))) - CY_METADATA_SIZE)

.cyloadablemeta
 *(.cyloadablemeta)

.cyflashprotect
                0x90400000       0x20
 *(.cyflashprotect)
 .cyflashprotect
                0x90400000       0x20 .\CortexM0\ARM_GCC_541\Debug\cymetadata.o
                0x90400000                cy_meta_flashprotect

.cymeta         0x90500000        0xc
 *(.cymeta)
 .cymeta        0x90500000        0xc .\CortexM0\ARM_GCC_541\Debug\cymetadata.o
                0x90500000                cy_metadata

.cychipprotect  0x90600000        0x1
 *(.cychipprotect)
 .cychipprotect
                0x90600000        0x1 .\CortexM0\ARM_GCC_541\Debug\cymetadata.o
                0x90600000                cy_meta_chipprotect

.rel.dyn        0x00003a50        0x0 load address 0x90600004
 .rel.iplt      0x00003a50        0x0 c:/program files (x86)/cypress/psoc creator/4.2/psoc creator/import/gnu/arm/5.4.1/bin/../lib/gcc/arm-none-eabi/5.4.1/armv6-m/crtbegin.o

.stab
 *(.stab)

.stabstr
 *(.stabstr)

.debug
 *(.debug)

.line
 *(.line)

.debug_srcinfo
 *(.debug_srcinfo)

.debug_sfnames
 *(.debug_sfnames)

.debug_aranges  0x00000000      0x7f0
 *(.debug_aranges)
 .debug_aranges
                0x00000000       0x28 .\CortexM0\ARM_GCC_541\Debug\main.o
 .debug_aranges
                0x00000028       0xe8 .\CortexM0\ARM_GCC_541\Debug\TFT.o
 .debug_aranges
                0x00000110       0x40 .\CortexM0\ARM_GCC_541\Debug\cyfitter_cfg.o
 .debug_aranges
                0x00000150       0x18 .\CortexM0\ARM_GCC_541\Debug\cymetadata.o
 .debug_aranges
                0x00000168       0x48 .\CortexM0\ARM_GCC_541\Debug\Cm0Start.o
 .debug_aranges
                0x000001b0       0xd8 .\CortexM0\ARM_GCC_541\Debug\Design01.a(SPIM.o)
 .debug_aranges
                0x00000288       0x28 .\CortexM0\ARM_GCC_541\Debug\Design01.a(SPIM_INT.o)
 .debug_aranges
                0x000002b0       0x48 .\CortexM0\ARM_GCC_541\Debug\Design01.a(D_C.o)
 .debug_aranges
                0x000002f8       0x40 .\CortexM0\ARM_GCC_541\Debug\Design01.a(SPIM_IntClock.o)
 .debug_aranges
                0x00000338      0x180 .\CortexM0\ARM_GCC_541\Debug\Design01.a(CyLib.o)
 .debug_aranges
                0x000004b8      0x138 .\CortexM0\ARM_GCC_541\Debug\Design01.a(CyLFClk.o)
 .debug_aranges
                0x000005f0       0xb8 .\CortexM0\ARM_GCC_541\Debug\Design01.a(RTC.o)
 .debug_aranges
                0x000006a8       0x48 .\CortexM0\ARM_GCC_541\Debug\Design01.a(rst.o)
 .debug_aranges
                0x000006f0       0x48 .\CortexM0\ARM_GCC_541\Debug\Design01.a(ring.o)
 .debug_aranges
                0x00000738       0x98 .\CortexM0\ARM_GCC_541\Debug\Design01.a(PWM.o)
 .debug_aranges
                0x000007d0       0x20 .\CortexM0\ARM_GCC_541\Debug\Design01.a(CyBootAsmGnu.o)

.debug_pubnames
 *(.debug_pubnames)

.debug_info     0x00000000     0x63db
 *(.debug_info .gnu.linkonce.wi.*)
 .debug_info    0x00000000      0x57f .\CortexM0\ARM_GCC_541\Debug\main.o
 .debug_info    0x0000057f     0x1a11 .\CortexM0\ARM_GCC_541\Debug\TFT.o
 .debug_info    0x00001f90      0x509 .\CortexM0\ARM_GCC_541\Debug\cyfitter_cfg.o
 .debug_info    0x00002499       0xf8 .\CortexM0\ARM_GCC_541\Debug\cymetadata.o
 .debug_info    0x00002591      0x3a2 .\CortexM0\ARM_GCC_541\Debug\Cm0Start.o
 .debug_info    0x00002933      0x778 .\CortexM0\ARM_GCC_541\Debug\Design01.a(SPIM.o)
 .debug_info    0x000030ab      0x18d .\CortexM0\ARM_GCC_541\Debug\Design01.a(SPIM_INT.o)
 .debug_info    0x00003238      0x19d .\CortexM0\ARM_GCC_541\Debug\Design01.a(D_C.o)
 .debug_info    0x000033d5      0x14e .\CortexM0\ARM_GCC_541\Debug\Design01.a(SPIM_IntClock.o)
 .debug_info    0x00003523      0xaec .\CortexM0\ARM_GCC_541\Debug\Design01.a(CyLib.o)
 .debug_info    0x0000400f      0xcfe .\CortexM0\ARM_GCC_541\Debug\Design01.a(CyLFClk.o)
 .debug_info    0x00004d0d      0xfdb .\CortexM0\ARM_GCC_541\Debug\Design01.a(RTC.o)
 .debug_info    0x00005ce8      0x19b .\CortexM0\ARM_GCC_541\Debug\Design01.a(rst.o)
 .debug_info    0x00005e83      0x19d .\CortexM0\ARM_GCC_541\Debug\Design01.a(ring.o)
 .debug_info    0x00006020      0x334 .\CortexM0\ARM_GCC_541\Debug\Design01.a(PWM.o)
 .debug_info    0x00006354       0x87 .\CortexM0\ARM_GCC_541\Debug\Design01.a(CyBootAsmGnu.o)

.debug_abbrev   0x00000000     0x1451
 *(.debug_abbrev)
 .debug_abbrev  0x00000000      0x1a1 .\CortexM0\ARM_GCC_541\Debug\main.o
 .debug_abbrev  0x000001a1      0x1e9 .\CortexM0\ARM_GCC_541\Debug\TFT.o
 .debug_abbrev  0x0000038a      0x1d4 .\CortexM0\ARM_GCC_541\Debug\cyfitter_cfg.o
 .debug_abbrev  0x0000055e       0x5d .\CortexM0\ARM_GCC_541\Debug\cymetadata.o
 .debug_abbrev  0x000005bb      0x1d7 .\CortexM0\ARM_GCC_541\Debug\Cm0Start.o
 .debug_abbrev  0x00000792      0x13d .\CortexM0\ARM_GCC_541\Debug\Design01.a(SPIM.o)
 .debug_abbrev  0x000008cf       0x8a .\CortexM0\ARM_GCC_541\Debug\Design01.a(SPIM_INT.o)
 .debug_abbrev  0x00000959       0xc8 .\CortexM0\ARM_GCC_541\Debug\Design01.a(D_C.o)
 .debug_abbrev  0x00000a21       0xb7 .\CortexM0\ARM_GCC_541\Debug\Design01.a(SPIM_IntClock.o)
 .debug_abbrev  0x00000ad8      0x1e0 .\CortexM0\ARM_GCC_541\Debug\Design01.a(CyLib.o)
 .debug_abbrev  0x00000cb8      0x210 .\CortexM0\ARM_GCC_541\Debug\Design01.a(CyLFClk.o)
 .debug_abbrev  0x00000ec8      0x2b2 .\CortexM0\ARM_GCC_541\Debug\Design01.a(RTC.o)
 .debug_abbrev  0x0000117a       0xc8 .\CortexM0\ARM_GCC_541\Debug\Design01.a(rst.o)
 .debug_abbrev  0x00001242       0xc8 .\CortexM0\ARM_GCC_541\Debug\Design01.a(ring.o)
 .debug_abbrev  0x0000130a      0x133 .\CortexM0\ARM_GCC_541\Debug\Design01.a(PWM.o)
 .debug_abbrev  0x0000143d       0x14 .\CortexM0\ARM_GCC_541\Debug\Design01.a(CyBootAsmGnu.o)

.debug_line     0x00000000     0x2248
 *(.debug_line)
 .debug_line    0x00000000      0x272 .\CortexM0\ARM_GCC_541\Debug\main.o
 .debug_line    0x00000272      0x58a .\CortexM0\ARM_GCC_541\Debug\TFT.o
 .debug_line    0x000007fc      0x1a4 .\CortexM0\ARM_GCC_541\Debug\cyfitter_cfg.o
 .debug_line    0x000009a0      0x141 .\CortexM0\ARM_GCC_541\Debug\cymetadata.o
 .debug_line    0x00000ae1      0x235 .\CortexM0\ARM_GCC_541\Debug\Cm0Start.o
 .debug_line    0x00000d16      0x2ad .\CortexM0\ARM_GCC_541\Debug\Design01.a(SPIM.o)
 .debug_line    0x00000fc3       0xa8 .\CortexM0\ARM_GCC_541\Debug\Design01.a(SPIM_INT.o)
 .debug_line    0x0000106b       0xbb .\CortexM0\ARM_GCC_541\Debug\Design01.a(D_C.o)
 .debug_line    0x00001126       0xb3 .\CortexM0\ARM_GCC_541\Debug\Design01.a(SPIM_IntClock.o)
 .debug_line    0x000011d9      0x460 .\CortexM0\ARM_GCC_541\Debug\Design01.a(CyLib.o)
 .debug_line    0x00001639      0x466 .\CortexM0\ARM_GCC_541\Debug\Design01.a(CyLFClk.o)
 .debug_line    0x00001a9f      0x43c .\CortexM0\ARM_GCC_541\Debug\Design01.a(RTC.o)
 .debug_line    0x00001edb       0xba .\CortexM0\ARM_GCC_541\Debug\Design01.a(rst.o)
 .debug_line    0x00001f95       0xbc .\CortexM0\ARM_GCC_541\Debug\Design01.a(ring.o)
 .debug_line    0x00002051      0x18e .\CortexM0\ARM_GCC_541\Debug\Design01.a(PWM.o)
 .debug_line    0x000021df       0x69 .\CortexM0\ARM_GCC_541\Debug\Design01.a(CyBootAsmGnu.o)

.debug_frame    0x00000000     0x1910
 *(.debug_frame)
 .debug_frame   0x00000000       0x58 .\CortexM0\ARM_GCC_541\Debug\main.o
 .debug_frame   0x00000058      0x3bc .\CortexM0\ARM_GCC_541\Debug\TFT.o
 .debug_frame   0x00000414       0xac .\CortexM0\ARM_GCC_541\Debug\cyfitter_cfg.o
 .debug_frame   0x000004c0       0xbc .\CortexM0\ARM_GCC_541\Debug\Cm0Start.o
 .debug_frame   0x0000057c      0x294 .\CortexM0\ARM_GCC_541\Debug\Design01.a(SPIM.o)
 .debug_frame   0x00000810       0x30 .\CortexM0\ARM_GCC_541\Debug\Design01.a(SPIM_INT.o)
 .debug_frame   0x00000840       0x70 .\CortexM0\ARM_GCC_541\Debug\Design01.a(D_C.o)
 .debug_frame   0x000008b0       0x60 .\CortexM0\ARM_GCC_541\Debug\Design01.a(SPIM_IntClock.o)
 .debug_frame   0x00000910      0x3e0 .\CortexM0\ARM_GCC_541\Debug\Design01.a(CyLib.o)
 .debug_frame   0x00000cf0      0x3a8 .\CortexM0\ARM_GCC_541\Debug\Design01.a(CyLFClk.o)
 .debug_frame   0x00001098      0x26c .\CortexM0\ARM_GCC_541\Debug\Design01.a(RTC.o)
 .debug_frame   0x00001304       0x70 .\CortexM0\ARM_GCC_541\Debug\Design01.a(rst.o)
 .debug_frame   0x00001374       0x70 .\CortexM0\ARM_GCC_541\Debug\Design01.a(ring.o)
 .debug_frame   0x000013e4      0x134 .\CortexM0\ARM_GCC_541\Debug\Design01.a(PWM.o)
 .debug_frame   0x00001518       0x20 c:/program files (x86)/cypress/psoc creator/4.2/psoc creator/import/gnu/arm/5.4.1/bin/../lib/gcc/arm-none-eabi/5.4.1/armv6-m\libgcc.a(_udivsi3.o)
 .debug_frame   0x00001538       0x34 c:/program files (x86)/cypress/psoc creator/4.2/psoc creator/import/gnu/arm/5.4.1/bin/../lib/gcc/arm-none-eabi/5.4.1/armv6-m\libgcc.a(_muldi3.o)
 .debug_frame   0x0000156c       0x3c c:/program files (x86)/cypress/psoc creator/4.2/psoc creator/import/gnu/arm/5.4.1/bin/../lib/gcc/arm-none-eabi/5.4.1/armv6-m\libgcc.a(_udivmoddi4.o)
 .debug_frame   0x000015a8       0x20 c:/program files (x86)/cypress/psoc creator/4.2/psoc creator/import/gnu/arm/5.4.1/bin/../lib/gcc/arm-none-eabi/5.4.1/../../../../arm-none-eabi/lib/armv6-m\libg_nano.a(lib_a-errno.o)
 .debug_frame   0x000015c8       0x28 c:/program files (x86)/cypress/psoc creator/4.2/psoc creator/import/gnu/arm/5.4.1/bin/../lib/gcc/arm-none-eabi/5.4.1/../../../../arm-none-eabi/lib/armv6-m\libg_nano.a(lib_a-exit.o)
 .debug_frame   0x000015f0       0x2c c:/program files (x86)/cypress/psoc creator/4.2/psoc creator/import/gnu/arm/5.4.1/bin/../lib/gcc/arm-none-eabi/5.4.1/../../../../arm-none-eabi/lib/armv6-m\libg_nano.a(lib_a-init.o)
 .debug_frame   0x0000161c       0x28 c:/program files (x86)/cypress/psoc creator/4.2/psoc creator/import/gnu/arm/5.4.1/bin/../lib/gcc/arm-none-eabi/5.4.1/../../../../arm-none-eabi/lib/armv6-m\libg_nano.a(lib_a-memcpy-stub.o)
 .debug_frame   0x00001644       0x20 c:/program files (x86)/cypress/psoc creator/4.2/psoc creator/import/gnu/arm/5.4.1/bin/../lib/gcc/arm-none-eabi/5.4.1/../../../../arm-none-eabi/lib/armv6-m\libg_nano.a(lib_a-memset.o)
 .debug_frame   0x00001664       0x50 c:/program files (x86)/cypress/psoc creator/4.2/psoc creator/import/gnu/arm/5.4.1/bin/../lib/gcc/arm-none-eabi/5.4.1/../../../../arm-none-eabi/lib/armv6-m\libg_nano.a(lib_a-sprintf.o)
 .debug_frame   0x000016b4       0x74 c:/program files (x86)/cypress/psoc creator/4.2/psoc creator/import/gnu/arm/5.4.1/bin/../lib/gcc/arm-none-eabi/5.4.1/../../../../arm-none-eabi/lib/armv6-m\libg_nano.a(lib_a-nano-svfprintf.o)
 .debug_frame   0x00001728       0x54 c:/program files (x86)/cypress/psoc creator/4.2/psoc creator/import/gnu/arm/5.4.1/bin/../lib/gcc/arm-none-eabi/5.4.1/../../../../arm-none-eabi/lib/armv6-m\libg_nano.a(lib_a-nano-vfprintf_i.o)
 .debug_frame   0x0000177c       0x20 c:/program files (x86)/cypress/psoc creator/4.2/psoc creator/import/gnu/arm/5.4.1/bin/../lib/gcc/arm-none-eabi/5.4.1/../../../../arm-none-eabi/lib/armv6-m\libg_nano.a(lib_a-memchr-stub.o)
 .debug_frame   0x0000179c       0x28 c:/program files (x86)/cypress/psoc creator/4.2/psoc creator/import/gnu/arm/5.4.1/bin/../lib/gcc/arm-none-eabi/5.4.1/../../../../arm-none-eabi/lib/armv6-m\libg_nano.a(lib_a-memmove.o)
 .debug_frame   0x000017c4       0x2c c:/program files (x86)/cypress/psoc creator/4.2/psoc creator/import/gnu/arm/5.4.1/bin/../lib/gcc/arm-none-eabi/5.4.1/../../../../arm-none-eabi/lib/armv6-m\libg_nano.a(lib_a-nano-freer.o)
 .debug_frame   0x000017f0       0x2c c:/program files (x86)/cypress/psoc creator/4.2/psoc creator/import/gnu/arm/5.4.1/bin/../lib/gcc/arm-none-eabi/5.4.1/../../../../arm-none-eabi/lib/armv6-m\libg_nano.a(lib_a-nano-mallocr.o)
 .debug_frame   0x0000181c       0x30 c:/program files (x86)/cypress/psoc creator/4.2/psoc creator/import/gnu/arm/5.4.1/bin/../lib/gcc/arm-none-eabi/5.4.1/../../../../arm-none-eabi/lib/armv6-m\libg_nano.a(lib_a-nano-reallocr.o)
 .debug_frame   0x0000184c       0x2c c:/program files (x86)/cypress/psoc creator/4.2/psoc creator/import/gnu/arm/5.4.1/bin/../lib/gcc/arm-none-eabi/5.4.1/../../../../arm-none-eabi/lib/armv6-m\libg_nano.a(lib_a-sbrkr.o)
 .debug_frame   0x00001878       0x30 c:/program files (x86)/cypress/psoc creator/4.2/psoc creator/import/gnu/arm/5.4.1/bin/../lib/gcc/arm-none-eabi/5.4.1/../../../../arm-none-eabi/lib/armv6-m\libg_nano.a(lib_a-mlock.o)
 .debug_frame   0x000018a8       0x20 c:/program files (x86)/cypress/psoc creator/4.2/psoc creator/import/gnu/arm/5.4.1/bin/../lib/gcc/arm-none-eabi/5.4.1/../../../../arm-none-eabi/lib/armv6-m\libg_nano.a(lib_a-nano-msizer.o)
 .debug_frame   0x000018c8       0x48 c:/program files (x86)/cypress/psoc creator/4.2/psoc creator/import/gnu/arm/5.4.1/bin/../lib/gcc/arm-none-eabi/5.4.1/../../../../arm-none-eabi/lib/armv6-m\libg_nano.a(lib_a-reent.o)

.debug_str      0x00000000     0x1bf0
 *(.debug_str)
 .debug_str     0x00000000      0x2ab .\CortexM0\ARM_GCC_541\Debug\main.o
                                0x2ff (size before relaxing)
 .debug_str     0x000002ab      0x24e .\CortexM0\ARM_GCC_541\Debug\TFT.o
                                0x453 (size before relaxing)
 .debug_str     0x000004f9      0x182 .\CortexM0\ARM_GCC_541\Debug\cyfitter_cfg.o
                                0x325 (size before relaxing)
 .debug_str     0x0000067b       0x59 .\CortexM0\ARM_GCC_541\Debug\cymetadata.o
                                0x1bf (size before relaxing)
 .debug_str     0x000006d4      0x13a .\CortexM0\ARM_GCC_541\Debug\Cm0Start.o
                                0x2f8 (size before relaxing)
 .debug_str     0x0000080e      0x328 .\CortexM0\ARM_GCC_541\Debug\Design01.a(SPIM.o)
                                0x4e1 (size before relaxing)
 .debug_str     0x00000b36       0x3a .\CortexM0\ARM_GCC_541\Debug\Design01.a(SPIM_INT.o)
                                0x272 (size before relaxing)
 .debug_str     0x00000b70       0x98 .\CortexM0\ARM_GCC_541\Debug\Design01.a(D_C.o)
                                0x21f (size before relaxing)
 .debug_str     0x00000c08       0xc6 .\CortexM0\ARM_GCC_541\Debug\Design01.a(SPIM_IntClock.o)
                                0x264 (size before relaxing)
 .debug_str     0x00000cce      0x40b .\CortexM0\ARM_GCC_541\Debug\Design01.a(CyLib.o)
                                0x6ad (size before relaxing)
 .debug_str     0x000010d9      0x52b .\CortexM0\ARM_GCC_541\Debug\Design01.a(CyLFClk.o)
                                0x734 (size before relaxing)
 .debug_str     0x00001604      0x3a4 .\CortexM0\ARM_GCC_541\Debug\Design01.a(RTC.o)
                                0x5cb (size before relaxing)
 .debug_str     0x000019a8       0x6f .\CortexM0\ARM_GCC_541\Debug\Design01.a(rst.o)
                                0x21f (size before relaxing)
 .debug_str     0x00001a17       0x6b .\CortexM0\ARM_GCC_541\Debug\Design01.a(ring.o)
                                0x226 (size before relaxing)
 .debug_str     0x00001a82      0x16e .\CortexM0\ARM_GCC_541\Debug\Design01.a(PWM.o)
                                0x322 (size before relaxing)

.debug_loc      0x00000000     0x370e
 *(.debug_loc)
 .debug_loc     0x00000000      0x12d .\CortexM0\ARM_GCC_541\Debug\main.o
 .debug_loc     0x0000012d     0x11a6 .\CortexM0\ARM_GCC_541\Debug\TFT.o
 .debug_loc     0x000012d3      0x1fe .\CortexM0\ARM_GCC_541\Debug\cyfitter_cfg.o
 .debug_loc     0x000014d1      0x14f .\CortexM0\ARM_GCC_541\Debug\Cm0Start.o
 .debug_loc     0x00001620      0x21d .\CortexM0\ARM_GCC_541\Debug\Design01.a(SPIM.o)
 .debug_loc     0x0000183d       0x74 .\CortexM0\ARM_GCC_541\Debug\Design01.a(SPIM_INT.o)
 .debug_loc     0x000018b1       0xa2 .\CortexM0\ARM_GCC_541\Debug\Design01.a(D_C.o)
 .debug_loc     0x00001953       0x13 .\CortexM0\ARM_GCC_541\Debug\Design01.a(SPIM_IntClock.o)
 .debug_loc     0x00001966      0x599 .\CortexM0\ARM_GCC_541\Debug\Design01.a(CyLib.o)
 .debug_loc     0x00001eff      0x9b5 .\CortexM0\ARM_GCC_541\Debug\Design01.a(CyLFClk.o)
 .debug_loc     0x000028b4      0xd11 .\CortexM0\ARM_GCC_541\Debug\Design01.a(RTC.o)
 .debug_loc     0x000035c5       0x81 .\CortexM0\ARM_GCC_541\Debug\Design01.a(rst.o)
 .debug_loc     0x00003646       0xa2 .\CortexM0\ARM_GCC_541\Debug\Design01.a(ring.o)
 .debug_loc     0x000036e8       0x26 .\CortexM0\ARM_GCC_541\Debug\Design01.a(PWM.o)

.debug_macinfo
 *(.debug_macinfo)

.debug_ranges   0x00000000      0x6d8
 *(.debug_ranges)
 .debug_ranges  0x00000000       0x18 .\CortexM0\ARM_GCC_541\Debug\main.o
 .debug_ranges  0x00000018       0xd8 .\CortexM0\ARM_GCC_541\Debug\TFT.o
 .debug_ranges  0x000000f0       0x30 .\CortexM0\ARM_GCC_541\Debug\cyfitter_cfg.o
 .debug_ranges  0x00000120       0x38 .\CortexM0\ARM_GCC_541\Debug\Cm0Start.o
 .debug_ranges  0x00000158       0xc8 .\CortexM0\ARM_GCC_541\Debug\Design01.a(SPIM.o)
 .debug_ranges  0x00000220       0x18 .\CortexM0\ARM_GCC_541\Debug\Design01.a(SPIM_INT.o)
 .debug_ranges  0x00000238       0x38 .\CortexM0\ARM_GCC_541\Debug\Design01.a(D_C.o)
 .debug_ranges  0x00000270       0x30 .\CortexM0\ARM_GCC_541\Debug\Design01.a(SPIM_IntClock.o)
 .debug_ranges  0x000002a0      0x170 .\CortexM0\ARM_GCC_541\Debug\Design01.a(CyLib.o)
 .debug_ranges  0x00000410      0x128 .\CortexM0\ARM_GCC_541\Debug\Design01.a(CyLFClk.o)
 .debug_ranges  0x00000538       0xa8 .\CortexM0\ARM_GCC_541\Debug\Design01.a(RTC.o)
 .debug_ranges  0x000005e0       0x38 .\CortexM0\ARM_GCC_541\Debug\Design01.a(rst.o)
 .debug_ranges  0x00000618       0x38 .\CortexM0\ARM_GCC_541\Debug\Design01.a(ring.o)
 .debug_ranges  0x00000650       0x88 .\CortexM0\ARM_GCC_541\Debug\Design01.a(PWM.o)

.comment        0x00000000       0x6e
 .comment       0x00000000       0x6e .\CortexM0\ARM_GCC_541\Debug\main.o
                                 0x6f (size before relaxing)
 .comment       0x0000006e       0x6f .\CortexM0\ARM_GCC_541\Debug\TFT.o
 .comment       0x0000006e       0x6f .\CortexM0\ARM_GCC_541\Debug\cyfitter_cfg.o
 .comment       0x0000006e       0x6f .\CortexM0\ARM_GCC_541\Debug\cymetadata.o
 .comment       0x0000006e       0x6f .\CortexM0\ARM_GCC_541\Debug\Cm0Start.o
 .comment       0x0000006e       0x6f .\CortexM0\ARM_GCC_541\Debug\Design01.a(SPIM.o)
 .comment       0x0000006e       0x6f .\CortexM0\ARM_GCC_541\Debug\Design01.a(SPIM_INT.o)
 .comment       0x0000006e       0x6f .\CortexM0\ARM_GCC_541\Debug\Design01.a(D_C.o)
 .comment       0x0000006e       0x6f .\CortexM0\ARM_GCC_541\Debug\Design01.a(SPIM_IntClock.o)
 .comment       0x0000006e       0x6f .\CortexM0\ARM_GCC_541\Debug\Design01.a(CyLib.o)
 .comment       0x0000006e       0x6f .\CortexM0\ARM_GCC_541\Debug\Design01.a(CyLFClk.o)
 .comment       0x0000006e       0x6f .\CortexM0\ARM_GCC_541\Debug\Design01.a(RTC.o)
 .comment       0x0000006e       0x6f .\CortexM0\ARM_GCC_541\Debug\Design01.a(rst.o)
 .comment       0x0000006e       0x6f .\CortexM0\ARM_GCC_541\Debug\Design01.a(ring.o)
 .comment       0x0000006e       0x6f .\CortexM0\ARM_GCC_541\Debug\Design01.a(PWM.o)

.debug_weaknames
 *(.debug_weaknames)

.debug_funcnames
 *(.debug_funcnames)

.debug_typenames
 *(.debug_typenames)

.debug_varnames
 *(.debug_varnames)

.note.gnu.arm.ident
 *(.note.gnu.arm.ident)

.ARM.attributes
                0x00000000       0x28
 *(.ARM.attributes)
 .ARM.attributes
                0x00000000       0x1e c:/program files (x86)/cypress/psoc creator/4.2/psoc creator/import/gnu/arm/5.4.1/bin/../lib/gcc/arm-none-eabi/5.4.1/armv6-m/crti.o
 .ARM.attributes
                0x0000001e       0x2c c:/program files (x86)/cypress/psoc creator/4.2/psoc creator/import/gnu/arm/5.4.1/bin/../lib/gcc/arm-none-eabi/5.4.1/armv6-m/crtbegin.o
 .ARM.attributes
                0x0000004a       0x1b c:/program files (x86)/cypress/psoc creator/4.2/psoc creator/import/gnu/arm/5.4.1/bin/../lib/gcc/arm-none-eabi/5.4.1/../../../../arm-none-eabi/lib/armv6-m/crt0.o
 .ARM.attributes
                0x00000065       0x31 .\CortexM0\ARM_GCC_541\Debug\main.o
 .ARM.attributes
                0x00000096       0x31 .\CortexM0\ARM_GCC_541\Debug\TFT.o
 .ARM.attributes
                0x000000c7       0x31 .\CortexM0\ARM_GCC_541\Debug\cyfitter_cfg.o
 .ARM.attributes
                0x000000f8       0x31 .\CortexM0\ARM_GCC_541\Debug\cymetadata.o
 .ARM.attributes
                0x00000129       0x31 .\CortexM0\ARM_GCC_541\Debug\Cm0Start.o
 .ARM.attributes
                0x0000015a       0x31 .\CortexM0\ARM_GCC_541\Debug\Design01.a(SPIM.o)
 .ARM.attributes
                0x0000018b       0x31 .\CortexM0\ARM_GCC_541\Debug\Design01.a(SPIM_INT.o)
 .ARM.attributes
                0x000001bc       0x31 .\CortexM0\ARM_GCC_541\Debug\Design01.a(D_C.o)
 .ARM.attributes
                0x000001ed       0x31 .\CortexM0\ARM_GCC_541\Debug\Design01.a(SPIM_IntClock.o)
 .ARM.attributes
                0x0000021e       0x31 .\CortexM0\ARM_GCC_541\Debug\Design01.a(CyLib.o)
 .ARM.attributes
                0x0000024f       0x31 .\CortexM0\ARM_GCC_541\Debug\Design01.a(CyLFClk.o)
 .ARM.attributes
                0x00000280       0x31 .\CortexM0\ARM_GCC_541\Debug\Design01.a(RTC.o)
 .ARM.attributes
                0x000002b1       0x31 .\CortexM0\ARM_GCC_541\Debug\Design01.a(rst.o)
 .ARM.attributes
                0x000002e2       0x31 .\CortexM0\ARM_GCC_541\Debug\Design01.a(ring.o)
 .ARM.attributes
                0x00000313       0x31 .\CortexM0\ARM_GCC_541\Debug\Design01.a(PWM.o)
 .ARM.attributes
                0x00000344       0x21 .\CortexM0\ARM_GCC_541\Debug\Design01.a(CyBootAsmGnu.o)
 .ARM.attributes
                0x00000365       0x1e c:/program files (x86)/cypress/psoc creator/4.2/psoc creator/import/gnu/arm/5.4.1/bin/../lib/gcc/arm-none-eabi/5.4.1/armv6-m\libgcc.a(_udivsi3.o)
 .ARM.attributes
                0x00000383       0x1e c:/program files (x86)/cypress/psoc creator/4.2/psoc creator/import/gnu/arm/5.4.1/bin/../lib/gcc/arm-none-eabi/5.4.1/armv6-m\libgcc.a(_dvmd_tls.o)
 .ARM.attributes
                0x000003a1       0x1e c:/program files (x86)/cypress/psoc creator/4.2/psoc creator/import/gnu/arm/5.4.1/bin/../lib/gcc/arm-none-eabi/5.4.1/armv6-m\libgcc.a(_aeabi_uldivmod.o)
 .ARM.attributes
                0x000003bf       0x2c c:/program files (x86)/cypress/psoc creator/4.2/psoc creator/import/gnu/arm/5.4.1/bin/../lib/gcc/arm-none-eabi/5.4.1/armv6-m\libgcc.a(_muldi3.o)
 .ARM.attributes
                0x000003eb       0x2c c:/program files (x86)/cypress/psoc creator/4.2/psoc creator/import/gnu/arm/5.4.1/bin/../lib/gcc/arm-none-eabi/5.4.1/armv6-m\libgcc.a(_udivmoddi4.o)
 .ARM.attributes
                0x00000417       0x1e c:/program files (x86)/cypress/psoc creator/4.2/psoc creator/import/gnu/arm/5.4.1/bin/../lib/gcc/arm-none-eabi/5.4.1/armv6-m\libgcc.a(_clzdi2.o)
 .ARM.attributes
                0x00000435       0x1e c:/program files (x86)/cypress/psoc creator/4.2/psoc creator/import/gnu/arm/5.4.1/bin/../lib/gcc/arm-none-eabi/5.4.1/armv6-m\libgcc.a(_clzsi2.o)
 .ARM.attributes
                0x00000453       0x2c c:/program files (x86)/cypress/psoc creator/4.2/psoc creator/import/gnu/arm/5.4.1/bin/../lib/gcc/arm-none-eabi/5.4.1/../../../../arm-none-eabi/lib/armv6-m\libg_nano.a(lib_a-errno.o)
 .ARM.attributes
                0x0000047f       0x2c c:/program files (x86)/cypress/psoc creator/4.2/psoc creator/import/gnu/arm/5.4.1/bin/../lib/gcc/arm-none-eabi/5.4.1/../../../../arm-none-eabi/lib/armv6-m\libg_nano.a(lib_a-exit.o)
 .ARM.attributes
                0x000004ab       0x2c c:/program files (x86)/cypress/psoc creator/4.2/psoc creator/import/gnu/arm/5.4.1/bin/../lib/gcc/arm-none-eabi/5.4.1/../../../../arm-none-eabi/lib/armv6-m\libg_nano.a(lib_a-impure.o)
 .ARM.attributes
                0x000004d7       0x2c c:/program files (x86)/cypress/psoc creator/4.2/psoc creator/import/gnu/arm/5.4.1/bin/../lib/gcc/arm-none-eabi/5.4.1/../../../../arm-none-eabi/lib/armv6-m\libg_nano.a(lib_a-init.o)
 .ARM.attributes
                0x00000503       0x2c c:/program files (x86)/cypress/psoc creator/4.2/psoc creator/import/gnu/arm/5.4.1/bin/../lib/gcc/arm-none-eabi/5.4.1/../../../../arm-none-eabi/lib/armv6-m\libg_nano.a(lib_a-memcpy-stub.o)
 .ARM.attributes
                0x0000052f       0x2c c:/program files (x86)/cypress/psoc creator/4.2/psoc creator/import/gnu/arm/5.4.1/bin/../lib/gcc/arm-none-eabi/5.4.1/../../../../arm-none-eabi/lib/armv6-m\libg_nano.a(lib_a-memset.o)
 .ARM.attributes
                0x0000055b       0x2c c:/program files (x86)/cypress/psoc creator/4.2/psoc creator/import/gnu/arm/5.4.1/bin/../lib/gcc/arm-none-eabi/5.4.1/../../../../arm-none-eabi/lib/armv6-m\libg_nano.a(lib_a-sprintf.o)
 .ARM.attributes
                0x00000587       0x2c c:/program files (x86)/cypress/psoc creator/4.2/psoc creator/import/gnu/arm/5.4.1/bin/../lib/gcc/arm-none-eabi/5.4.1/../../../../arm-none-eabi/lib/armv6-m\libg_nano.a(lib_a-nano-svfprintf.o)
 .ARM.attributes
                0x000005b3       0x2c c:/program files (x86)/cypress/psoc creator/4.2/psoc creator/import/gnu/arm/5.4.1/bin/../lib/gcc/arm-none-eabi/5.4.1/../../../../arm-none-eabi/lib/armv6-m\libg_nano.a(lib_a-nano-vfprintf_i.o)
 .ARM.attributes
                0x000005df       0x2c c:/program files (x86)/cypress/psoc creator/4.2/psoc creator/import/gnu/arm/5.4.1/bin/../lib/gcc/arm-none-eabi/5.4.1/../../../../arm-none-eabi/lib/armv6-m\libg_nano.a(lib_a-memchr-stub.o)
 .ARM.attributes
                0x0000060b       0x2c c:/program files (x86)/cypress/psoc creator/4.2/psoc creator/import/gnu/arm/5.4.1/bin/../lib/gcc/arm-none-eabi/5.4.1/../../../../arm-none-eabi/lib/armv6-m\libg_nano.a(lib_a-memmove.o)
 .ARM.attributes
                0x00000637       0x2c c:/program files (x86)/cypress/psoc creator/4.2/psoc creator/import/gnu/arm/5.4.1/bin/../lib/gcc/arm-none-eabi/5.4.1/../../../../arm-none-eabi/lib/armv6-m\libg_nano.a(lib_a-nano-freer.o)
 .ARM.attributes
                0x00000663       0x2c c:/program files (x86)/cypress/psoc creator/4.2/psoc creator/import/gnu/arm/5.4.1/bin/../lib/gcc/arm-none-eabi/5.4.1/../../../../arm-none-eabi/lib/armv6-m\libg_nano.a(lib_a-nano-mallocr.o)
 .ARM.attributes
                0x0000068f       0x2c c:/program files (x86)/cypress/psoc creator/4.2/psoc creator/import/gnu/arm/5.4.1/bin/../lib/gcc/arm-none-eabi/5.4.1/../../../../arm-none-eabi/lib/armv6-m\libg_nano.a(lib_a-nano-reallocr.o)
 .ARM.attributes
                0x000006bb       0x2c c:/program files (x86)/cypress/psoc creator/4.2/psoc creator/import/gnu/arm/5.4.1/bin/../lib/gcc/arm-none-eabi/5.4.1/../../../../arm-none-eabi/lib/armv6-m\libg_nano.a(lib_a-sbrkr.o)
 .ARM.attributes
                0x000006e7       0x2c c:/program files (x86)/cypress/psoc creator/4.2/psoc creator/import/gnu/arm/5.4.1/bin/../lib/gcc/arm-none-eabi/5.4.1/../../../../arm-none-eabi/lib/armv6-m\libg_nano.a(lib_a-mlock.o)
 .ARM.attributes
                0x00000713       0x2c c:/program files (x86)/cypress/psoc creator/4.2/psoc creator/import/gnu/arm/5.4.1/bin/../lib/gcc/arm-none-eabi/5.4.1/../../../../arm-none-eabi/lib/armv6-m\libg_nano.a(lib_a-nano-msizer.o)
 .ARM.attributes
                0x0000073f       0x2c c:/program files (x86)/cypress/psoc creator/4.2/psoc creator/import/gnu/arm/5.4.1/bin/../lib/gcc/arm-none-eabi/5.4.1/../../../../arm-none-eabi/lib/armv6-m\libg_nano.a(lib_a-reent.o)
 .ARM.attributes
                0x0000076b       0x2c c:/program files (x86)/cypress/psoc creator/4.2/psoc creator/import/gnu/arm/5.4.1/bin/../lib/gcc/arm-none-eabi/5.4.1/armv6-m/crtend.o
 .ARM.attributes
                0x00000797       0x1e c:/program files (x86)/cypress/psoc creator/4.2/psoc creator/import/gnu/arm/5.4.1/bin/../lib/gcc/arm-none-eabi/5.4.1/armv6-m/crtn.o

/DISCARD/
 *(.note.GNU-stack)
OUTPUT(C:\Users\Kayas\Documents\PSoC Creator\TFT\Design01.cydsn\CortexM0\ARM_GCC_541\Debug\Design01.elf elf32-littlearm)
